Using existing item: 01e93380-e0e0-4910-b7b6-82746dffa83e
Before upsert: {"id":"0ec693aa-edcf-48c8-b770-be395d38689a","item_id":"01e93380-e0e0-4910-b7b6-82746dffa83e","content":"Làm theo hướng dẫn","video_url":"http://test.com/video.mp4","file_url":"https://gmufcuzswehacyarsmyq.supabase.co/storage/v1/object/public/lesson-files/e9b99f10-8ae4-401d-b01c-12a2e6686b52/01e93380-e0e0-4910-b7b6-82746dffa83e_1773103668347_DCQTCN.pdf","zoom_link":null,"deadline":"2026-03-15T00:47:00+00:00","max_attempts":null,"min_score":null,"score_method":null,"quiz_data":null}
Upsert Error: null
After upsert: {"id":"0ec693aa-edcf-48c8-b770-be395d38689a","item_id":"01e93380-e0e0-4910-b7b6-82746dffa83e","content":"Làm theo hướng dẫn","video_url":"http://test.com/video.mp4","file_url":"https://gmufcuzswehacyarsmyq.supabase.co/storage/v1/object/public/lesson-files/e9b99f10-8ae4-401d-b01c-12a2e6686b52/01e93380-e0e0-4910-b7b6-82746dffa83e_1773103668347_DCQTCN.pdf","zoom_link":null,"deadline":"2026-03-15T00:47:00+00:00","max_attempts":null,"min_score":null,"score_method":null,"quiz_data":null}
