app/(dashboard)/student/classes/[id]/learn/[itemId]/ContentViewerClient.tsx(59,48): error TS2353: Object literal may only specify known properties, and 'playerVars' does not exist in type '{ cc_lang_pref?: string | undefined; cc_load_policy?: 0 | 1 | undefined; color?: "red" | "white" | undefined; disablekb?: 0 | 1 | undefined; enablejsapi?: 0 | 1 | undefined; end?: number | undefined; ... 8 more ...; referrerpolicy?: string | undefined; }'.
app/(dashboard)/student/classes/[id]/learn/[itemId]/ContentViewerClient.tsx(144,26): error TS2304: Cannot find name 'CheckSquare'.
app/(dashboard)/student/classes/[id]/learn/layout.tsx(54,102): error TS2339: Property 'name' does not exist on type '{ name: any; }[]'.
app/(dashboard)/teacher/classes/[id]/content/[itemId]/edit/EditContentClient.tsx(9,24): error TS2307: Cannot find module '@/components/ui/switch' or its corresponding type declarations.
